// Jest Snapshot v1, https://goo.gl/fbAQLP

exports[`<AccountInfoSection/> renders component 1`] = `
<View
  style={
    Object {
      "alignItems": "center",
      "backgroundColor": "#2f3d86",
      "flexDirection": "row",
      "paddingBottom": 10,
      "paddingTop": 20,
    }
  }
>
  <View
    style={
      Object {
        "height": 75,
        "marginRight": 20,
        "width": 75,
      }
    }
  >
    <Image
      resizeMode="contain"
      source={
        Object {
          "uri": "URL for profile image",
        }
      }
      style={
        Object {
          "flex": 1,
          "height": undefined,
          "width": undefined,
        }
      }
    />
  </View>
  <Text
    style={
      Object {
        "color": "white",
        "fontSize": 18,
        "fontWeight": "bold",
      }
    }
  >
    gmom-35
  </Text>
</View>
`;

exports[`<AccountInfoSection/> renders wrapper 1`] = `
<AccountInfoSection
  renderComponent={[Function]}
/>
`;
